Starting project at C:\Morning_Pages
Starting Metro Bundler
Error while reading cache, falling back to a full crawl:
 Error: Unable to deserialize cloned data.
    at deserialize (node:v8:469:14)
    at DiskCacheManager.read (C:\Morning_Pages\node_modules\metro-file-map\src\cache\DiskCacheManager.js:62:33)
    at FileMap.read (C:\Morning_Pages\node_modules\metro-file-map\src\index.js:285:14)
    at C:\Morning_Pages\node_modules\metro-file-map\src\index.js:183:25
    at DependencyGraph.ready (C:\Morning_Pages\node_modules\metro\src\node-haste\DependencyGraph.js:79:5)
    at Bundler.ready (C:\Morning_Pages\node_modules\metro\src\Bundler.js:51:5)
    at IncrementalBundler.ready (C:\Morning_Pages\node_modules\metro\src\IncrementalBundler.js:266:5)
    at Server.ready (C:\Morning_Pages\node_modules\metro\src\Server.js:1204:5)
The following packages should be updated for best compatibility with the installed expo version:
  expo-linking@56.0.11 - expected version: ~7.1.7
  typescript@5.9.3 - expected version: ~5.8.3
Your project may not work correctly until you install the expected versions of the packages.
Waiting on http://localhost:8081
Logs for your project will appear below.
Web node_modules\expo-router\entry.js ▓▓▓▓▓▓▓░░░░░░░░░ 50.0% (292/415)
Web Bundled 4221ms node_modules\expo-router\entry.js (1064 modules)
 LOG  [web] Logs will appear in the browser console
